Turbo Assembler	 Version 4.1	    02/16/21 15:30:14	    Page 1
keyboa~1.asm



      1	0000			     .model tiny
      2	0000			     .code
      3				     org 100h
      4
      5	      =000A		     MAX_INP_LEN equ 10
      6
      7	0100  BE 0000r		     Start:	     mov si, offset Input
      8	0103  8B DE				     mov bx, si
      9	0105  B9 000A				     mov cx, MAX_INP_LEN
     10	0108  B4 01				     mov ah, 01h
     11
     12	010A  CD 21			     mark:   int 21h
     13	010C  3C 0D				     cmp al, 0dh
     14	010E  74 05				     je	print
     15	0110  88 04				     mov [si], al
     16	0112  46				     inc si
     17	0113  E2 F5				     loop mark
     18
     19	0115  C6 04 24			     print:  mov byte ptr [si],	'$'
     20	0118  8B D3				     mov dx, bx
     21
     22	011A  B4 09				     mov ah, 09h
     23	011C  CD 21				     int 21h
     24	011E  EB 01 90				     jmp terminate
     25
     26	0121  B8 4C00			     terminate:	     mov ax, 4c00h
     27	0124  CD 21					     int 21h
     28
     29	0126			     .data
     30	0000  0A*(??)		     Input:  db	MAX_INP_LEN DUP	(?)
     31
     32				     end Start
Turbo Assembler	 Version 4.1	    02/16/21 15:30:14	    Page 2
Symbol Table




Symbol Name			  Type	 Value

??DATE				  Text	 "02/16/21"
??FILENAME			  Text	 "keyboa~1"
??TIME				  Text	 "15:30:14"
??VERSION			  Number 040A
@32BIT				  Text	 0
@CODE				  Text	 DGROUP
@CODESIZE			  Text	 0
@CPU				  Text	 0101H
@CURSEG				  Text	 _DATA
@DATA				  Text	 DGROUP
@DATASIZE			  Text	 0
@FILENAME			  Text	 KEYBOA~1
@INTERFACE			  Text	 000H
@MODEL				  Text	 1
@STACK				  Text	 DGROUP
@WORDSIZE			  Text	 2
INPUT				  Near	 DGROUP:0000
MARK				  Near	 DGROUP:010A
MAX_INP_LEN			  Number 000A
PRINT				  Near	 DGROUP:0115
START				  Near	 DGROUP:0100
TERMINATE			  Near	 DGROUP:0121

Groups & Segments		  Bit Size Align  Combine Class

DGROUP				  Group
  _DATA				  16  000A Word	  Public  DATA
  _TEXT				  16  0126 Word	  Public  CODE
